language_name	owner_name	is_procedural	is_trusted	handler_fn_owner	access_privileges	handler_fn_schema_name	handler_fn_name	inline_block_handler_fn_schema_name	inline_block_handler_fn_name	inline_block_handler_fn_owner	validator_fn_schema_name	validator_fn_name	validator_fn_owner
internal	postgres	false	false										
c	postgres	false	false										
sql	postgres	false	true										
