language_name	owner_name	access_privileges	is_trusted	comment
internal	postgres		false	built-in functions
c	postgres		false	dynamically-loaded C functions
sql	postgres		true	SQL-language functions
plpgsql	postgres		true	PL/pgSQL procedural language
